<statistics>
  <item>
    <value>Drama</value>
    <count>3</count>
  </item>
  <item>
    <value>Comedy</value>
    <count>2</count>
  </item>
  <item>
    <value>Horror</value>
    <count>1</count>
  </item>
</statistics>
